// Jest Snapshot v1, https://goo.gl/fbAQLP

exports[`stopsSelection should match the snapshot 1`] = `
ShallowWrapper {
  "length": 1,
  Symbol(enzyme.__root__): [Circular],
  Symbol(enzyme.__unrendered__): <StopsSelection />,
  Symbol(enzyme.__renderer__): Object {
    "batchedUpdates": [Function],
    "getNode": [Function],
    "render": [Function],
    "simulateEvent": [Function],
    "unmount": [Function],
  },
  Symbol(enzyme.__node__): Object {
    "instance": null,
    "key": undefined,
    "nodeType": "host",
    "props": Object {
      "children": Array [
        null,
        null,
        <div
          className="stopsSelectionContainer"
>
          <StopSelection
                    type="before"
          />
          <hr />
          <StopSelection
                    type="after"
          />
</div>,
        <button
          onClick={[Function]}
>
          Add filters
</button>,
      ],
      "className": "stopsSelection",
    },
    "ref": null,
    "rendered": Array [
      null,
      null,
      Object {
        "instance": null,
        "key": undefined,
        "nodeType": "host",
        "props": Object {
          "children": Array [
            <StopSelection
              type="before"
/>,
            <hr />,
            <StopSelection
              type="after"
/>,
          ],
          "className": "stopsSelectionContainer",
        },
        "ref": null,
        "rendered": Array [
          Object {
            "instance": null,
            "key": undefined,
            "nodeType": "class",
            "props": Object {
              "type": "before",
            },
            "ref": null,
            "rendered": null,
            "type": [Function],
          },
          Object {
            "instance": null,
            "key": undefined,
            "nodeType": "host",
            "props": Object {},
            "ref": null,
            "rendered": null,
            "type": "hr",
          },
          Object {
            "instance": null,
            "key": undefined,
            "nodeType": "class",
            "props": Object {
              "type": "after",
            },
            "ref": null,
            "rendered": null,
            "type": [Function],
          },
        ],
        "type": "div",
      },
      Object {
        "instance": null,
        "key": undefined,
        "nodeType": "host",
        "props": Object {
          "children": "Add filters",
          "onClick": [Function],
        },
        "ref": null,
        "rendered": "Add filters",
        "type": "button",
      },
    ],
    "type": "div",
  },
  Symbol(enzyme.__nodes__): Array [
    Object {
      "instance": null,
      "key": undefined,
      "nodeType": "host",
      "props": Object {
        "children": Array [
          null,
          null,
          <div
            className="stopsSelectionContainer"
>
            <StopSelection
                        type="before"
            />
            <hr />
            <StopSelection
                        type="after"
            />
</div>,
          <button
            onClick={[Function]}
>
            Add filters
</button>,
        ],
        "className": "stopsSelection",
      },
      "ref": null,
      "rendered": Array [
        null,
        null,
        Object {
          "instance": null,
          "key": undefined,
          "nodeType": "host",
          "props": Object {
            "children": Array [
              <StopSelection
                type="before"
/>,
              <hr />,
              <StopSelection
                type="after"
/>,
            ],
            "className": "stopsSelectionContainer",
          },
          "ref": null,
          "rendered": Array [
            Object {
              "instance": null,
              "key": undefined,
              "nodeType": "class",
              "props": Object {
                "type": "before",
              },
              "ref": null,
              "rendered": null,
              "type": [Function],
            },
            Object {
              "instance": null,
              "key": undefined,
              "nodeType": "host",
              "props": Object {},
              "ref": null,
              "rendered": null,
              "type": "hr",
            },
            Object {
              "instance": null,
              "key": undefined,
              "nodeType": "class",
              "props": Object {
                "type": "after",
              },
              "ref": null,
              "rendered": null,
              "type": [Function],
            },
          ],
          "type": "div",
        },
        Object {
          "instance": null,
          "key": undefined,
          "nodeType": "host",
          "props": Object {
            "children": "Add filters",
            "onClick": [Function],
          },
          "ref": null,
          "rendered": "Add filters",
          "type": "button",
        },
      ],
      "type": "div",
    },
  ],
  Symbol(enzyme.__options__): Object {
    "adapter": ReactSixteenAdapter {
      "options": Object {
        "enableComponentDidUpdateOnSetState": true,
      },
    },
  },
}
`;
